Loading rhel8/default-amp
  Loading requirement: rhel8/slurm singularity/current rhel8/global cuda/11.4
    libpciaccess/0.16/gcc-9.4.0-6fonbj6 libiconv/1.16/gcc-9.4.0-ahebbov
    libxml2/2.9.12/gcc-9.4.0-gnknt5e ncurses/6.2/gcc-9.4.0-aiirok7
    hwloc/2.5.0/gcc-9.4.0-7sqomga libevent/2.1.12/gcc-9.4.0-hgny7cm
    numactl/2.0.14/gcc-9.4.0-52dwc6n cuda/11.4.0/gcc-9.4.0-3hnxhjt
    gdrcopy/2.2/gcc-9.4.0-e4igtfp knem/1.1.4/gcc-9.4.0-bpbxgva
    libnl/3.3.0/gcc-9.4.0-whwhrwb rdma-core/34.0/gcc-9.4.0-5eo5n2u
    ucx/1.11.1/gcc-9.4.0-lktqyl4 openmpi/4.1.1/gcc-9.4.0-epagguv
Changed directory to /rds/user/lz307/hpc-work/openvla.

JobID: 9260076
======
Time: Sun 11 May 01:14:08 BST 2025
Running on master node: gpu-q-36
Current directory: /rds/user/lz307/hpc-work/openvla

Nodes allocated:
================
gpu-q-36

numtasks=4, numnodes=1, mpi_tasks_per_node=4 (OMP_NUM_THREADS=1)

Executing command:
==================
/home/lz307/rds/hpc-work/openvla/fine_tune_mikasa.sh 

2025-05-11 01:16:53.126434: E external/local_xla/xla/stream_executor/cuda/cuda_dnn.cc:9261] Unable to register cuDNN factory: Attempting to register factory for plugin cuDNN when one has already been registered
2025-05-11 01:16:53.126475: E external/local_xla/xla/stream_executor/cuda/cuda_dnn.cc:9261] Unable to register cuDNN factory: Attempting to register factory for plugin cuDNN when one has already been registered
2025-05-11 01:16:53.126441: E external/local_xla/xla/stream_executor/cuda/cuda_dnn.cc:9261] Unable to register cuDNN factory: Attempting to register factory for plugin cuDNN when one has already been registered
2025-05-11 01:16:53.126451: E external/local_xla/xla/stream_executor/cuda/cuda_dnn.cc:9261] Unable to register cuDNN factory: Attempting to register factory for plugin cuDNN when one has already been registered
2025-05-11 01:16:53.143400: E external/local_xla/xla/stream_executor/cuda/cuda_fft.cc:607] Unable to register cuFFT factory: Attempting to register factory for plugin cuFFT when one has already been registered
2025-05-11 01:16:53.143417: E external/local_xla/xla/stream_executor/cuda/cuda_fft.cc:607] Unable to register cuFFT factory: Attempting to register factory for plugin cuFFT when one has already been registered
2025-05-11 01:16:53.143426: E external/local_xla/xla/stream_executor/cuda/cuda_fft.cc:607] Unable to register cuFFT factory: Attempting to register factory for plugin cuFFT when one has already been registered
2025-05-11 01:16:53.143443: E external/local_xla/xla/stream_executor/cuda/cuda_fft.cc:607] Unable to register cuFFT factory: Attempting to register factory for plugin cuFFT when one has already been registered
2025-05-11 01:16:54.063010: E external/local_xla/xla/stream_executor/cuda/cuda_blas.cc:1515] Unable to register cuBLAS factory: Attempting to register factory for plugin cuBLAS when one has already been registered
2025-05-11 01:16:54.063032: E external/local_xla/xla/stream_executor/cuda/cuda_blas.cc:1515] Unable to register cuBLAS factory: Attempting to register factory for plugin cuBLAS when one has already been registered
2025-05-11 01:16:54.063031: E external/local_xla/xla/stream_executor/cuda/cuda_blas.cc:1515] Unable to register cuBLAS factory: Attempting to register factory for plugin cuBLAS when one has already been registered
2025-05-11 01:16:54.063038: E external/local_xla/xla/stream_executor/cuda/cuda_blas.cc:1515] Unable to register cuBLAS factory: Attempting to register factory for plugin cuBLAS when one has already been registered
2025-05-11 01:16:56.871018: I tensorflow/core/platform/cpu_feature_guard.cc:182] This TensorFlow binary is optimized to use available CPU instructions in performance-critical operations.
To enable the following instructions: AVX2 FMA, in other operations, rebuild TensorFlow with the appropriate compiler flags.
2025-05-11 01:16:56.871040: I tensorflow/core/platform/cpu_feature_guard.cc:182] This TensorFlow binary is optimized to use available CPU instructions in performance-critical operations.
To enable the following instructions: AVX2 FMA, in other operations, rebuild TensorFlow with the appropriate compiler flags.
2025-05-11 01:16:56.871070: I tensorflow/core/platform/cpu_feature_guard.cc:182] This TensorFlow binary is optimized to use available CPU instructions in performance-critical operations.
To enable the following instructions: AVX2 FMA, in other operations, rebuild TensorFlow with the appropriate compiler flags.
2025-05-11 01:16:56.871139: I tensorflow/core/platform/cpu_feature_guard.cc:182] This TensorFlow binary is optimized to use available CPU instructions in performance-critical operations.
To enable the following instructions: AVX2 FMA, in other operations, rebuild TensorFlow with the appropriate compiler flags.
2025-05-11 01:17:55.840069: W tensorflow/compiler/tf2tensorrt/utils/py_utils.cc:38] TF-TRT Warning: Could not find TensorRT
2025-05-11 01:17:55.840086: W tensorflow/compiler/tf2tensorrt/utils/py_utils.cc:38] TF-TRT Warning: Could not find TensorRT
2025-05-11 01:17:55.840094: W tensorflow/compiler/tf2tensorrt/utils/py_utils.cc:38] TF-TRT Warning: Could not find TensorRT
2025-05-11 01:17:55.840151: W tensorflow/compiler/tf2tensorrt/utils/py_utils.cc:38] TF-TRT Warning: Could not find TensorRT
val: 100 180 Trueval: 100 180 Trueval: 100 180 Trueval: 100 180 True


Fine-tuning OpenVLA Model `openvla/openvla-7b` on `mikasa_robo_tfds/RememberColor3-v0_baseline`
Fine-tuning OpenVLA Model `openvla/openvla-7b` on `mikasa_robo_tfds/RememberColor3-v0_baseline`

Fine-tuning OpenVLA Model `openvla/openvla-7b` on `mikasa_robo_tfds/RememberColor3-v0_baseline`
wandb: Currently logged in as: leothemagnificent (leothemagnificent-university-of-cambridge) to https://api.wandb.ai. Use `wandb login --relogin` to force relogin
wandb: Tracking run with wandb version 0.19.10
wandb: Run data is saved locally in /rds/user/lz307/hpc-work/openvla/wandb/run-20250511_012219-475g9a4i
wandb: Run `wandb offline` to turn off syncing.
wandb: Syncing run ft+openvla-7b+mikasa_robo_tfds/RememberColor3-v0_baseline+b16+lr-0.0005+lora-r32+dropout-0.0--mikasa_robo_tfds/RememberColor3-v0_baseline--image_aug--25-05-11_01-22-18
wandb: ⭐️ View project at https://wandb.ai/leothemagnificent-university-of-cambridge/openvla-mikasa
wandb: 🚀 View run at https://wandb.ai/leothemagnificent-university-of-cambridge/openvla-mikasa/runs/475g9a4i
Fine-tuning OpenVLA Model `openvla/openvla-7b` on `mikasa_robo_tfds/RememberColor3-v0_baseline`
Loading checkpoint shards:   0%|          | 0/3 [00:00<?, ?it/s]Loading checkpoint shards:   0%|          | 0/3 [00:00<?, ?it/s]Loading checkpoint shards:   0%|          | 0/3 [00:00<?, ?it/s]Loading checkpoint shards:   0%|          | 0/3 [00:00<?, ?it/s]Loading checkpoint shards:  33%|███▎      | 1/3 [00:01<00:03,  1.85s/it]Loading checkpoint shards:  33%|███▎      | 1/3 [00:01<00:03,  1.86s/it]Loading checkpoint shards:  33%|███▎      | 1/3 [00:01<00:03,  1.88s/it]Loading checkpoint shards:  33%|███▎      | 1/3 [00:01<00:03,  1.94s/it]Loading checkpoint shards:  67%|██████▋   | 2/3 [00:02<00:01,  1.22s/it]Loading checkpoint shards:  67%|██████▋   | 2/3 [00:02<00:01,  1.24s/it]Loading checkpoint shards:  67%|██████▋   | 2/3 [00:02<00:01,  1.24s/it]Loading checkpoint shards:  67%|██████▋   | 2/3 [00:02<00:01,  1.27s/it]Loading checkpoint shards: 100%|██████████| 3/3 [00:02<00:00,  1.22it/s]Loading checkpoint shards: 100%|██████████| 3/3 [00:02<00:00,  1.01it/s]
Loading checkpoint shards: 100%|██████████| 3/3 [00:02<00:00,  1.21it/s]Loading checkpoint shards: 100%|██████████| 3/3 [00:02<00:00,  1.00it/s]
Loading checkpoint shards: 100%|██████████| 3/3 [00:03<00:00,  1.21it/s]Loading checkpoint shards: 100%|██████████| 3/3 [00:03<00:00,  1.00s/it]
Loading checkpoint shards: 100%|██████████| 3/3 [00:03<00:00,  1.18it/s]Loading checkpoint shards: 100%|██████████| 3/3 [00:03<00:00,  1.03s/it]
trainable params: 110,828,288 || all params: 7,652,065,472 || trainable%: 1.4483
trainable params: 110,828,288 || all params: 7,652,065,472 || trainable%: 1.4483
trainable params: 110,828,288 || all params: 7,652,065,472 || trainable%: 1.4483
trainable params: 110,828,288 || all params: 7,652,065,472 || trainable%: 1.4483
build dataset `data`
self.data_root_dir data
self.data_root_dir data
build dataset `data`
Traceback (most recent call last):
  File "/rds/user/lz307/hpc-work/openvla/vla-scripts/finetune.py", line 574, in <module>
self.data_root_dir data
self.data_root_dir data
Traceback (most recent call last):
  File "/rds/user/lz307/hpc-work/openvla/vla-scripts/finetune.py", line 574, in <module>
    finetune()
  File "/rds/user/lz307/hpc-work/openvla/.venv/lib64/python3.9/site-packages/draccus/argparsing.py", line 203, in wrapper_inner
    finetune()
  File "/rds/user/lz307/hpc-work/openvla/.venv/lib64/python3.9/site-packages/draccus/argparsing.py", line 203, in wrapper_inner
build dataset `data`
self.data_root_dir data
self.data_root_dir data
build dataset `data`Traceback (most recent call last):
  File "/rds/user/lz307/hpc-work/openvla/vla-scripts/finetune.py", line 574, in <module>

self.data_root_dir    finetune()
  File "/rds/user/lz307/hpc-work/openvla/.venv/lib64/python3.9/site-packages/draccus/argparsing.py", line 203, in wrapper_inner
 data
self.data_root_dir data
            response = fn(cfg, *args, **kwargs)response = fn(cfg, *args, **kwargs)response = fn(cfg, *args, **kwargs)


  File "/rds/user/lz307/hpc-work/openvla/vla-scripts/finetune.py", line 391, in finetune
  File "/rds/user/lz307/hpc-work/openvla/vla-scripts/finetune.py", line 391, in finetune
  File "/rds/user/lz307/hpc-work/openvla/vla-scripts/finetune.py", line 391, in finetune
Traceback (most recent call last):
    vla_dataset = RLDSDataset(        
vla_dataset = RLDSDataset(vla_dataset = RLDSDataset(  File "/rds/user/lz307/hpc-work/openvla/vla-scripts/finetune.py", line 574, in <module>
    finetune()
  File "/rds/user/lz307/hpc-work/openvla/prismatic/vla/datasets/datasets.py", line 93, in __init__


  File "/rds/user/lz307/hpc-work/openvla/prismatic/vla/datasets/datasets.py", line 93, in __init__
  File "/rds/user/lz307/hpc-work/openvla/prismatic/vla/datasets/datasets.py", line 93, in __init__
  File "/rds/user/lz307/hpc-work/openvla/.venv/lib64/python3.9/site-packages/draccus/argparsing.py", line 203, in wrapper_inner
    response = fn(cfg, *args, **kwargs)
  File "/rds/user/lz307/hpc-work/openvla/vla-scripts/finetune.py", line 391, in finetune
    vla_dataset = RLDSDataset(
  File "/rds/user/lz307/hpc-work/openvla/prismatic/vla/datasets/datasets.py", line 93, in __init__
    per_dataset_kwargs, weights = get_oxe_dataset_kwargs_and_weights(
  File "/rds/user/lz307/hpc-work/openvla/prismatic/vla/datasets/rlds/oxe/materialize.py", line 117, in get_oxe_dataset_kwargs_and_weights
    make_oxe_dataset_kwargs(
      File "/rds/user/lz307/hpc-work/openvla/prismatic/vla/datasets/rlds/oxe/materialize.py", line 31, in make_oxe_dataset_kwargs
    print("OXE_DATASET_CONFIGS", OXE_DATASET_CONFIGS[dataset_name])
    per_dataset_kwargs, weights = get_oxe_dataset_kwargs_and_weights(per_dataset_kwargs, weights = get_oxe_dataset_kwargs_and_weights(

  File "/rds/user/lz307/hpc-work/openvla/prismatic/vla/datasets/rlds/oxe/materialize.py", line 117, in get_oxe_dataset_kwargs_and_weights
  File "/rds/user/lz307/hpc-work/openvla/prismatic/vla/datasets/rlds/oxe/materialize.py", line 117, in get_oxe_dataset_kwargs_and_weights
    KeyError: 'mikasa_robo_tfds/RememberColor3-v0_baseline'
per_dataset_kwargs, weights = get_oxe_dataset_kwargs_and_weights(
  File "/rds/user/lz307/hpc-work/openvla/prismatic/vla/datasets/rlds/oxe/materialize.py", line 117, in get_oxe_dataset_kwargs_and_weights
        make_oxe_dataset_kwargs(make_oxe_dataset_kwargs(

  File "/rds/user/lz307/hpc-work/openvla/prismatic/vla/datasets/rlds/oxe/materialize.py", line 31, in make_oxe_dataset_kwargs
  File "/rds/user/lz307/hpc-work/openvla/prismatic/vla/datasets/rlds/oxe/materialize.py", line 31, in make_oxe_dataset_kwargs
    make_oxe_dataset_kwargs(
  File "/rds/user/lz307/hpc-work/openvla/prismatic/vla/datasets/rlds/oxe/materialize.py", line 31, in make_oxe_dataset_kwargs
    print("OXE_DATASET_CONFIGS", OXE_DATASET_CONFIGS[dataset_name])
KeyError: 'mikasa_robo_tfds/RememberColor3-v0_baseline'    
print("OXE_DATASET_CONFIGS", OXE_DATASET_CONFIGS[dataset_name])    
print("OXE_DATASET_CONFIGS", OXE_DATASET_CONFIGS[dataset_name])KeyError
: KeyError'mikasa_robo_tfds/RememberColor3-v0_baseline': 
'mikasa_robo_tfds/RememberColor3-v0_baseline'
[1;34mwandb[0m: 
[1;34mwandb[0m: 🚀 View run [33mft+openvla-7b+mikasa_robo_tfds/RememberColor3-v0_baseline+b16+lr-0.0005+lora-r32+dropout-0.0--mikasa_robo_tfds/RememberColor3-v0_baseline--image_aug--25-05-11_01-22-18[0m at: [34mhttps://wandb.ai/leothemagnificent-university-of-cambridge/openvla-mikasa/runs/475g9a4i[0m
[1;34mwandb[0m: Find logs at: [1;35mwandb/run-20250511_012219-475g9a4i/logs[0m
[2025-05-11 01:25:46,928] torch.distributed.elastic.multiprocessing.api: [ERROR] failed (exitcode: 1) local_rank: 0 (pid: 1866815) of binary: /rds/user/lz307/hpc-work/openvla/.venv/bin/python
Traceback (most recent call last):
  File "/rds/user/lz307/hpc-work/openvla/.venv/bin/torchrun", line 8, in <module>
    sys.exit(main())
  File "/rds/user/lz307/hpc-work/openvla/.venv/lib64/python3.9/site-packages/torch/distributed/elastic/multiprocessing/errors/__init__.py", line 347, in wrapper
    return f(*args, **kwargs)
  File "/rds/user/lz307/hpc-work/openvla/.venv/lib64/python3.9/site-packages/torch/distributed/run.py", line 812, in main
    run(args)
  File "/rds/user/lz307/hpc-work/openvla/.venv/lib64/python3.9/site-packages/torch/distributed/run.py", line 803, in run
    elastic_launch(
  File "/rds/user/lz307/hpc-work/openvla/.venv/lib64/python3.9/site-packages/torch/distributed/launcher/api.py", line 135, in __call__
    return launch_agent(self._config, self._entrypoint, list(args))
  File "/rds/user/lz307/hpc-work/openvla/.venv/lib64/python3.9/site-packages/torch/distributed/launcher/api.py", line 268, in launch_agent
    raise ChildFailedError(
torch.distributed.elastic.multiprocessing.errors.ChildFailedError: 
============================================================
vla-scripts/finetune.py FAILED
------------------------------------------------------------
Failures:
[1]:
  time      : 2025-05-11_01:25:46
  host      : gpu-q-36.data.cluster
  rank      : 1 (local_rank: 1)
  exitcode  : 1 (pid: 1866816)
  error_file: <N/A>
  traceback : To enable traceback see: https://pytorch.org/docs/stable/elastic/errors.html
[2]:
  time      : 2025-05-11_01:25:46
  host      : gpu-q-36.data.cluster
  rank      : 2 (local_rank: 2)
  exitcode  : 1 (pid: 1866817)
  error_file: <N/A>
  traceback : To enable traceback see: https://pytorch.org/docs/stable/elastic/errors.html
[3]:
  time      : 2025-05-11_01:25:46
  host      : gpu-q-36.data.cluster
  rank      : 3 (local_rank: 3)
  exitcode  : 1 (pid: 1866818)
  error_file: <N/A>
  traceback : To enable traceback see: https://pytorch.org/docs/stable/elastic/errors.html
------------------------------------------------------------
Root Cause (first observed failure):
[0]:
  time      : 2025-05-11_01:25:46
  host      : gpu-q-36.data.cluster
  rank      : 0 (local_rank: 0)
  exitcode  : 1 (pid: 1866815)
  error_file: <N/A>
  traceback : To enable traceback see: https://pytorch.org/docs/stable/elastic/errors.html
============================================================
