Loading rhel8/default-amp
  Loading requirement: rhel8/slurm singularity/current rhel8/global cuda/11.4
    libpciaccess/0.16/gcc-9.4.0-6fonbj6 libiconv/1.16/gcc-9.4.0-ahebbov
    libxml2/2.9.12/gcc-9.4.0-gnknt5e ncurses/6.2/gcc-9.4.0-aiirok7
    hwloc/2.5.0/gcc-9.4.0-7sqomga libevent/2.1.12/gcc-9.4.0-hgny7cm
    numactl/2.0.14/gcc-9.4.0-52dwc6n cuda/11.4.0/gcc-9.4.0-3hnxhjt
    gdrcopy/2.2/gcc-9.4.0-e4igtfp knem/1.1.4/gcc-9.4.0-bpbxgva
    libnl/3.3.0/gcc-9.4.0-whwhrwb rdma-core/34.0/gcc-9.4.0-5eo5n2u
    ucx/1.11.1/gcc-9.4.0-lktqyl4 openmpi/4.1.1/gcc-9.4.0-epagguv
Changed directory to /rds/user/lz307/hpc-work/openvla.

JobID: 10524082
======
Time: Sat 31 May 00:34:57 BST 2025
Running on master node: gpu-q-43
Current directory: /rds/user/lz307/hpc-work/openvla

Nodes allocated:
================
gpu-q-43

numtasks=4, numnodes=1, mpi_tasks_per_node=4 (OMP_NUM_THREADS=1)

Executing command:
==================
/home/lz307/rds/hpc-work/openvla/fine_tune_mikasa.sh 

2025-05-31 00:37:05.216888: E external/local_xla/xla/stream_executor/cuda/cuda_dnn.cc:9261] Unable to register cuDNN factory: Attempting to register factory for plugin cuDNN when one has already been registered
2025-05-31 00:37:05.216921: E external/local_xla/xla/stream_executor/cuda/cuda_dnn.cc:9261] Unable to register cuDNN factory: Attempting to register factory for plugin cuDNN when one has already been registered
2025-05-31 00:37:05.216905: E external/local_xla/xla/stream_executor/cuda/cuda_dnn.cc:9261] Unable to register cuDNN factory: Attempting to register factory for plugin cuDNN when one has already been registered
2025-05-31 00:37:05.216897: E external/local_xla/xla/stream_executor/cuda/cuda_dnn.cc:9261] Unable to register cuDNN factory: Attempting to register factory for plugin cuDNN when one has already been registered
2025-05-31 00:37:05.218722: E external/local_xla/xla/stream_executor/cuda/cuda_fft.cc:607] Unable to register cuFFT factory: Attempting to register factory for plugin cuFFT when one has already been registered
2025-05-31 00:37:05.218723: E external/local_xla/xla/stream_executor/cuda/cuda_fft.cc:607] Unable to register cuFFT factory: Attempting to register factory for plugin cuFFT when one has already been registered
2025-05-31 00:37:05.218732: E external/local_xla/xla/stream_executor/cuda/cuda_fft.cc:607] Unable to register cuFFT factory: Attempting to register factory for plugin cuFFT when one has already been registered
2025-05-31 00:37:05.218735: E external/local_xla/xla/stream_executor/cuda/cuda_fft.cc:607] Unable to register cuFFT factory: Attempting to register factory for plugin cuFFT when one has already been registered
2025-05-31 00:37:05.578041: E external/local_xla/xla/stream_executor/cuda/cuda_blas.cc:1515] Unable to register cuBLAS factory: Attempting to register factory for plugin cuBLAS when one has already been registered
2025-05-31 00:37:05.578059: E external/local_xla/xla/stream_executor/cuda/cuda_blas.cc:1515] Unable to register cuBLAS factory: Attempting to register factory for plugin cuBLAS when one has already been registered
2025-05-31 00:37:05.578058: E external/local_xla/xla/stream_executor/cuda/cuda_blas.cc:1515] Unable to register cuBLAS factory: Attempting to register factory for plugin cuBLAS when one has already been registered
2025-05-31 00:37:05.578071: E external/local_xla/xla/stream_executor/cuda/cuda_blas.cc:1515] Unable to register cuBLAS factory: Attempting to register factory for plugin cuBLAS when one has already been registered
2025-05-31 00:37:07.067237: I tensorflow/core/platform/cpu_feature_guard.cc:182] This TensorFlow binary is optimized to use available CPU instructions in performance-critical operations.
To enable the following instructions: AVX2 FMA, in other operations, rebuild TensorFlow with the appropriate compiler flags.
2025-05-31 00:37:07.067341: I tensorflow/core/platform/cpu_feature_guard.cc:182] This TensorFlow binary is optimized to use available CPU instructions in performance-critical operations.
To enable the following instructions: AVX2 FMA, in other operations, rebuild TensorFlow with the appropriate compiler flags.
2025-05-31 00:37:07.067352: I tensorflow/core/platform/cpu_feature_guard.cc:182] This TensorFlow binary is optimized to use available CPU instructions in performance-critical operations.
To enable the following instructions: AVX2 FMA, in other operations, rebuild TensorFlow with the appropriate compiler flags.
2025-05-31 00:37:07.067406: I tensorflow/core/platform/cpu_feature_guard.cc:182] This TensorFlow binary is optimized to use available CPU instructions in performance-critical operations.
To enable the following instructions: AVX2 FMA, in other operations, rebuild TensorFlow with the appropriate compiler flags.
2025-05-31 00:37:52.970350: W tensorflow/compiler/tf2tensorrt/utils/py_utils.cc:38] TF-TRT Warning: Could not find TensorRT
2025-05-31 00:37:52.970351: W tensorflow/compiler/tf2tensorrt/utils/py_utils.cc:38] TF-TRT Warning: Could not find TensorRT
2025-05-31 00:37:52.970351: W tensorflow/compiler/tf2tensorrt/utils/py_utils.cc:38] TF-TRT Warning: Could not find TensorRT
2025-05-31 00:37:52.970365: W tensorflow/compiler/tf2tensorrt/utils/py_utils.cc:38] TF-TRT Warning: Could not find TensorRT
val: 400 180 Trueval: 400 180 Trueval: 400 180 Trueval: 400 180 True



Fine-tuning OpenVLA Model `openvla/openvla-7b` on `mikasa_mix`
Fine-tuning OpenVLA Model `openvla/openvla-7b` on `mikasa_mix`Fine-tuning OpenVLA Model `openvla/openvla-7b` on `mikasa_mix`

wandb: Currently logged in as: leothemagnificent (leothemagnificent-university-of-cambridge) to https://api.wandb.ai. Use `wandb login --relogin` to force relogin
wandb: Tracking run with wandb version 0.19.10
wandb: Run data is saved locally in /rds/user/lz307/hpc-work/openvla/wandb/run-20250531_004110-g3uozwvd
wandb: Run `wandb offline` to turn off syncing.
wandb: Syncing run ft+openvla-7b+mikasa_mix+b16+lr-5e-05+lora-r8+dropout-0.1--mikasa_mix--image_aug--25-05-31_00-41-09
wandb: ⭐️ View project at https://wandb.ai/leothemagnificent-university-of-cambridge/openvla-mikasa
wandb: 🚀 View run at https://wandb.ai/leothemagnificent-university-of-cambridge/openvla-mikasa/runs/g3uozwvd
Fine-tuning OpenVLA Model `openvla/openvla-7b` on `mikasa_mix`
Loading checkpoint shards:   0%|          | 0/3 [00:00<?, ?it/s]Loading checkpoint shards:   0%|          | 0/3 [00:00<?, ?it/s]Loading checkpoint shards:   0%|          | 0/3 [00:00<?, ?it/s]Loading checkpoint shards:   0%|          | 0/3 [00:00<?, ?it/s]Loading checkpoint shards:  33%|███▎      | 1/3 [00:10<00:20, 10.26s/it]Loading checkpoint shards:  33%|███▎      | 1/3 [00:10<00:20, 10.32s/it]Loading checkpoint shards:  33%|███▎      | 1/3 [00:10<00:20, 10.34s/it]Loading checkpoint shards:  33%|███▎      | 1/3 [00:10<00:20, 10.34s/it]Loading checkpoint shards:  67%|██████▋   | 2/3 [00:15<00:07,  7.41s/it]Loading checkpoint shards:  67%|██████▋   | 2/3 [00:15<00:07,  7.44s/it]Loading checkpoint shards:  67%|██████▋   | 2/3 [00:15<00:07,  7.44s/it]Loading checkpoint shards:  67%|██████▋   | 2/3 [00:15<00:07,  7.45s/it]Loading checkpoint shards: 100%|██████████| 3/3 [00:16<00:00,  4.53s/it]Loading checkpoint shards: 100%|██████████| 3/3 [00:16<00:00,  5.59s/it]
Loading checkpoint shards: 100%|██████████| 3/3 [00:16<00:00,  4.54s/it]Loading checkpoint shards: 100%|██████████| 3/3 [00:16<00:00,  5.61s/it]
Loading checkpoint shards: 100%|██████████| 3/3 [00:16<00:00,  4.54s/it]Loading checkpoint shards: 100%|██████████| 3/3 [00:16<00:00,  5.62s/it]
Loading checkpoint shards: 100%|██████████| 3/3 [00:16<00:00,  4.54s/it]Loading checkpoint shards: 100%|██████████| 3/3 [00:16<00:00,  5.62s/it]
trainable params: 27,707,072 || all params: 7,568,944,256 || trainable%: 0.3661
trainable params: 27,707,072 || all params: 7,568,944,256 || trainable%: 0.3661
trainable params: 27,707,072 || all params: 7,568,944,256 || trainable%: 0.3661
trainable params: 27,707,072 || all params: 7,568,944,256 || trainable%: 0.3661
build dataset `data`build dataset `data`

self.data_root_dirself.data_root_dir  datadata

self.data_root_dirself.data_root_dir  datadata

OXE_DATASET_CONFIGS OXE_DATASET_CONFIGS {'image_obs_keys': {'primary': 'image', 'secondary': None, 'wrist': None}, 'depth_obs_keys': {'primary': None, 'secondary': None, 'wrist': None}, 'state_obs_keys': ['state'], 'state_encoding': <StateEncoding.POS_EULER: 1>, 'action_encoding': <ActionEncoding.EEF_POS: 1>}
{'image_obs_keys': {'primary': 'image', 'secondary': None, 'wrist': None}, 'depth_obs_keys': {'primary': None, 'secondary': None, 'wrist': None}, 'state_obs_keys': ['state'], 'state_encoding': <StateEncoding.POS_EULER: 1>, 'action_encoding': <ActionEncoding.EEF_POS: 1>}
OXE_DATASET_CONFIGS OXE_DATASET_CONFIGS{'image_obs_keys': {'primary': 'image', 'secondary': None, 'wrist': None}, 'depth_obs_keys': {'primary': None, 'secondary': None, 'wrist': None}, 'state_obs_keys': ['state'], 'state_encoding': <StateEncoding.POS_EULER: 1>, 'action_encoding': <ActionEncoding.EEF_POS: 1>} 
{'image_obs_keys': {'primary': 'image', 'secondary': None, 'wrist': None}, 'depth_obs_keys': {'primary': None, 'secondary': None, 'wrist': None}, 'state_obs_keys': ['state'], 'state_encoding': <StateEncoding.POS_EULER: 1>, 'action_encoding': <ActionEncoding.EEF_POS: 1>}
Traceback (most recent call last):
  File "/rds/user/lz307/hpc-work/openvla/vla-scripts/finetune.py", line 579, in <module>
Traceback (most recent call last):
  File "/rds/user/lz307/hpc-work/openvla/vla-scripts/finetune.py", line 579, in <module>
        finetune()finetune()

  File "/rds/user/lz307/hpc-work/openvla/.venv/lib64/python3.9/site-packages/draccus/argparsing.py", line 203, in wrapper_inner
  File "/rds/user/lz307/hpc-work/openvla/.venv/lib64/python3.9/site-packages/draccus/argparsing.py", line 203, in wrapper_inner
build dataset `data`build dataset `data`

self.data_root_dir data
self.data_root_dir dataself.data_root_dir
OXE_DATASET_CONFIGS  {'image_obs_keys': {'primary': 'image', 'secondary': None, 'wrist': None}, 'depth_obs_keys': {'primary': None, 'secondary': None, 'wrist': None}, 'state_obs_keys': ['state'], 'state_encoding': <StateEncoding.POS_EULER: 1>, 'action_encoding': <ActionEncoding.EEF_POS: 1>}
dataOXE_DATASET_CONFIGS
 {'image_obs_keys': {'primary': 'image', 'secondary': None, 'wrist': None}, 'depth_obs_keys': {'primary': None, 'secondary': None, 'wrist': None}, 'state_obs_keys': ['state'], 'state_encoding': <StateEncoding.POS_EULER: 1>, 'action_encoding': <ActionEncoding.EEF_POS: 1>}
self.data_root_dir data
Traceback (most recent call last):
  File "/rds/user/lz307/hpc-work/openvla/vla-scripts/finetune.py", line 579, in <module>
OXE_DATASET_CONFIGS {'image_obs_keys': {'primary': 'image', 'secondary': None, 'wrist': None}, 'depth_obs_keys': {'primary': None, 'secondary': None, 'wrist': None}, 'state_obs_keys': ['state'], 'state_encoding': <StateEncoding.POS_EULER: 1>, 'action_encoding': <ActionEncoding.EEF_POS: 1>}    finetune()
  File "/rds/user/lz307/hpc-work/openvla/.venv/lib64/python3.9/site-packages/draccus/argparsing.py", line 203, in wrapper_inner

OXE_DATASET_CONFIGS {'image_obs_keys': {'primary': 'image', 'secondary': None, 'wrist': None}, 'depth_obs_keys': {'primary': None, 'secondary': None, 'wrist': None}, 'state_obs_keys': ['state'], 'state_encoding': <StateEncoding.POS_EULER: 1>, 'action_encoding': <ActionEncoding.EEF_POS: 1>}
            response = fn(cfg, *args, **kwargs)response = fn(cfg, *args, **kwargs)response = fn(cfg, *args, **kwargs)


  File "/rds/user/lz307/hpc-work/openvla/vla-scripts/finetune.py", line 396, in finetune
  File "/rds/user/lz307/hpc-work/openvla/vla-scripts/finetune.py", line 396, in finetune
  File "/rds/user/lz307/hpc-work/openvla/vla-scripts/finetune.py", line 396, in finetune
Traceback (most recent call last):
            vla_dataset = RLDSDataset(vla_dataset = RLDSDataset(vla_dataset = RLDSDataset(  File "/rds/user/lz307/hpc-work/openvla/vla-scripts/finetune.py", line 579, in <module>
    finetune()



  File "/rds/user/lz307/hpc-work/openvla/prismatic/vla/datasets/datasets.py", line 93, in __init__
  File "/rds/user/lz307/hpc-work/openvla/prismatic/vla/datasets/datasets.py", line 93, in __init__
  File "/rds/user/lz307/hpc-work/openvla/prismatic/vla/datasets/datasets.py", line 93, in __init__
  File "/rds/user/lz307/hpc-work/openvla/.venv/lib64/python3.9/site-packages/draccus/argparsing.py", line 203, in wrapper_inner
    response = fn(cfg, *args, **kwargs)
  File "/rds/user/lz307/hpc-work/openvla/vla-scripts/finetune.py", line 396, in finetune
    vla_dataset = RLDSDataset(
  File "/rds/user/lz307/hpc-work/openvla/prismatic/vla/datasets/datasets.py", line 93, in __init__
    per_dataset_kwargs, weights = get_oxe_dataset_kwargs_and_weights(
        per_dataset_kwargs, weights = get_oxe_dataset_kwargs_and_weights(per_dataset_kwargs, weights = get_oxe_dataset_kwargs_and_weights(

  File "/rds/user/lz307/hpc-work/openvla/prismatic/vla/datasets/rlds/oxe/materialize.py", line 117, in get_oxe_dataset_kwargs_and_weights
  File "/rds/user/lz307/hpc-work/openvla/prismatic/vla/datasets/rlds/oxe/materialize.py", line 117, in get_oxe_dataset_kwargs_and_weights
  File "/rds/user/lz307/hpc-work/openvla/prismatic/vla/datasets/rlds/oxe/materialize.py", line 117, in get_oxe_dataset_kwargs_and_weights
    make_oxe_dataset_kwargs(
    per_dataset_kwargs, weights = get_oxe_dataset_kwargs_and_weights(
  File "/rds/user/lz307/hpc-work/openvla/prismatic/vla/datasets/rlds/oxe/materialize.py", line 117, in get_oxe_dataset_kwargs_and_weights
  File "/rds/user/lz307/hpc-work/openvla/prismatic/vla/datasets/rlds/oxe/materialize.py", line 31, in make_oxe_dataset_kwargs
    print("OXE_DATASET_CONFIGS", OXE_DATASET_CONFIGS[dataset_name])
KeyError: 'mikasa_robo_tfds/RememberColor5-v0'
    make_oxe_dataset_kwargs(
  File "/rds/user/lz307/hpc-work/openvla/prismatic/vla/datasets/rlds/oxe/materialize.py", line 31, in make_oxe_dataset_kwargs
    make_oxe_dataset_kwargs(
  File "/rds/user/lz307/hpc-work/openvla/prismatic/vla/datasets/rlds/oxe/materialize.py", line 31, in make_oxe_dataset_kwargs
    print("OXE_DATASET_CONFIGS", OXE_DATASET_CONFIGS[dataset_name])
KeyError: 'mikasa_robo_tfds/RememberColor5-v0'
    make_oxe_dataset_kwargs(
  File "/rds/user/lz307/hpc-work/openvla/prismatic/vla/datasets/rlds/oxe/materialize.py", line 31, in make_oxe_dataset_kwargs
    print("OXE_DATASET_CONFIGS", OXE_DATASET_CONFIGS[dataset_name])
    KeyErrorprint("OXE_DATASET_CONFIGS", OXE_DATASET_CONFIGS[dataset_name]): 
'mikasa_robo_tfds/RememberColor5-v0'KeyError
: 'mikasa_robo_tfds/RememberColor5-v0'
[1;34mwandb[0m: 
[1;34mwandb[0m: 🚀 View run [33mft+openvla-7b+mikasa_mix+b16+lr-5e-05+lora-r8+dropout-0.1--mikasa_mix--image_aug--25-05-31_00-41-09[0m at: [34mhttps://wandb.ai/leothemagnificent-university-of-cambridge/openvla-mikasa/runs/g3uozwvd[0m
[1;34mwandb[0m: Find logs at: [1;35mwandb/run-20250531_004110-g3uozwvd/logs[0m
[2025-05-31 00:46:52,236] torch.distributed.elastic.multiprocessing.api: [ERROR] failed (exitcode: 1) local_rank: 0 (pid: 2106318) of binary: /rds/user/lz307/hpc-work/openvla/.venv/bin/python
Traceback (most recent call last):
  File "/rds/user/lz307/hpc-work/openvla/.venv/bin/torchrun", line 8, in <module>
    sys.exit(main())
  File "/rds/user/lz307/hpc-work/openvla/.venv/lib64/python3.9/site-packages/torch/distributed/elastic/multiprocessing/errors/__init__.py", line 347, in wrapper
    return f(*args, **kwargs)
  File "/rds/user/lz307/hpc-work/openvla/.venv/lib64/python3.9/site-packages/torch/distributed/run.py", line 812, in main
    run(args)
  File "/rds/user/lz307/hpc-work/openvla/.venv/lib64/python3.9/site-packages/torch/distributed/run.py", line 803, in run
    elastic_launch(
  File "/rds/user/lz307/hpc-work/openvla/.venv/lib64/python3.9/site-packages/torch/distributed/launcher/api.py", line 135, in __call__
    return launch_agent(self._config, self._entrypoint, list(args))
  File "/rds/user/lz307/hpc-work/openvla/.venv/lib64/python3.9/site-packages/torch/distributed/launcher/api.py", line 268, in launch_agent
    raise ChildFailedError(
torch.distributed.elastic.multiprocessing.errors.ChildFailedError: 
============================================================
vla-scripts/finetune.py FAILED
------------------------------------------------------------
Failures:
[1]:
  time      : 2025-05-31_00:46:52
  host      : gpu-q-43.data.cluster
  rank      : 1 (local_rank: 1)
  exitcode  : 1 (pid: 2106319)
  error_file: <N/A>
  traceback : To enable traceback see: https://pytorch.org/docs/stable/elastic/errors.html
[2]:
  time      : 2025-05-31_00:46:52
  host      : gpu-q-43.data.cluster
  rank      : 2 (local_rank: 2)
  exitcode  : 1 (pid: 2106320)
  error_file: <N/A>
  traceback : To enable traceback see: https://pytorch.org/docs/stable/elastic/errors.html
[3]:
  time      : 2025-05-31_00:46:52
  host      : gpu-q-43.data.cluster
  rank      : 3 (local_rank: 3)
  exitcode  : 1 (pid: 2106321)
  error_file: <N/A>
  traceback : To enable traceback see: https://pytorch.org/docs/stable/elastic/errors.html
------------------------------------------------------------
Root Cause (first observed failure):
[0]:
  time      : 2025-05-31_00:46:52
  host      : gpu-q-43.data.cluster
  rank      : 0 (local_rank: 0)
  exitcode  : 1 (pid: 2106318)
  error_file: <N/A>
  traceback : To enable traceback see: https://pytorch.org/docs/stable/elastic/errors.html
============================================================
